[  47.8s] as   lognorm            -> 64650 rows | params[5] p_c~1.000 (47.8s)
[  56.0s] as   fusionOnlyLogNorm  -> 64650 rows | params[4] p_c~0.580 (8.1s)
[  65.5s] as   switchingFree      -> 64650 rows | params[6] p_c~0.093 (9.5s)
[ 116.5s] dt   lognorm            -> 66780 rows | params[5] p_c~0.609 (51.0s)
[ 125.3s] dt   fusionOnlyLogNorm  -> 66780 rows | params[4] p_c~0.445 (8.8s)
[ 135.3s] dt   switchingFree      -> 66780 rows | params[6] p_c~0.162 (10.0s)
[ 166.0s] hh   lognorm            -> 42420 rows | params[5] p_c~0.962 (30.8s)
[ 171.3s] hh   fusionOnlyLogNorm  -> 42420 rows | params[4] p_c~1.450 (5.3s)
[ 177.6s] hh   switchingFree      -> 42420 rows | params[6] p_c~0.039 (6.3s)
[ 227.2s] ip   lognorm            -> 64680 rows | params[5] p_c~0.834 (49.6s)
[ 235.4s] ip   fusionOnlyLogNorm  -> 64680 rows | params[4] p_c~0.673 (8.2s)
[ 245.2s] ip   switchingFree      -> 64680 rows | params[6] p_c~0.000 (9.8s)
[ 287.8s] ln2  lognorm            -> 59820 rows | params[5] p_c~0.067 (42.6s)
[ 295.4s] ln2  fusionOnlyLogNorm  -> 59820 rows | params[4] p_c~0.461 (7.6s)
[ 304.2s] ln2  switchingFree      -> 59820 rows | params[6] p_c~0.128 (8.8s)
[ 352.9s] mh   lognorm            -> 64920 rows | params[5] p_c~0.821 (48.7s)
[ 361.1s] mh   fusionOnlyLogNorm  -> 64920 rows | params[4] p_c~0.780 (8.2s)
[ 370.8s] mh   switchingFree      -> 64920 rows | params[6] p_c~0.370 (9.7s)
[ 419.3s] ml   lognorm            -> 65220 rows | params[5] p_c~1.000 (48.5s)
[ 427.5s] ml   fusionOnlyLogNorm  -> 65220 rows | params[4] p_c~0.715 (8.2s)
[ 437.2s] ml   switchingFree      -> 65220 rows | params[6] p_c~0.237 (9.7s)
[ 483.7s] mt   lognorm            -> 64680 rows | params[5] p_c~0.632 (46.5s)
[ 491.8s] mt   fusionOnlyLogNorm  -> 64680 rows | params[4] p_c~0.510 (8.1s)
[ 501.4s] mt   switchingFree      -> 64680 rows | params[6] p_c~0.100 (9.6s)
[ 550.9s] oy   lognorm            -> 65130 rows | params[5] p_c~0.988 (49.5s)
[ 559.6s] oy   fusionOnlyLogNorm  -> 65130 rows | params[4] p_c~0.438 (8.7s)
[ 569.4s] oy   switchingFree      -> 65130 rows | params[6] p_c~0.000 (9.8s)
[ 620.1s] qs   lognorm            -> 67170 rows | params[5] p_c~0.254 (50.7s)
[ 628.7s] qs   fusionOnlyLogNorm  -> 67170 rows | params[4] p_c~0.688 (8.6s)
[ 638.5s] qs   switchingFree      -> 67170 rows | params[6] p_c~0.137 (9.8s)
[ 686.2s] sx   lognorm            -> 62130 rows | params[5] p_c~1.000 (47.7s)
[ 694.0s] sx   fusionOnlyLogNorm  -> 62130 rows | params[4] p_c~2.000 (7.8s)
[ 703.3s] sx   switchingFree      -> 62130 rows | params[6] p_c~0.587 (9.3s)
DONE in 703.3s -> simulated_data_freeSigma/
