
Warning: BADS not available. Using scipy optimization only.

[ 137.8s] as   lognorm            -> 64650 rows | params[5] p_c~0.514 (137.8s)
[ 175.7s] as   fusionOnlyLogNorm  -> 64650 rows | params[4] p_c~0.579 (38.0s)
[ 241.5s] as   switchingFree      -> 64650 rows | params[6] p_c~0.143 (65.7s)
[ 355.8s] dt   lognorm            -> 66780 rows | params[5] p_c~0.379 (114.4s)
[ 393.8s] dt   fusionOnlyLogNorm  -> 66780 rows | params[4] p_c~0.469 (38.0s)
[ 462.3s] dt   switchingFree      -> 66780 rows | params[6] p_c~0.272 (68.5s)
[ 534.7s] hh   lognorm            -> 42420 rows | params[5] p_c~0.868 (72.4s)
[ 558.5s] hh   fusionOnlyLogNorm  -> 42420 rows | params[4] p_c~1.886 (23.8s)
[ 602.1s] hh   switchingFree      -> 42420 rows | params[6] p_c~0.049 (43.5s)
[ 714.6s] ip   lognorm            -> 64680 rows | params[5] p_c~0.614 (112.5s)
[ 751.8s] ip   fusionOnlyLogNorm  -> 64680 rows | params[4] p_c~0.707 (37.2s)
[ 817.6s] ip   switchingFree      -> 64680 rows | params[6] p_c~0.230 (65.8s)
[ 918.3s] ln2  lognorm            -> 59820 rows | params[5] p_c~0.112 (100.7s)
[ 952.0s] ln2  fusionOnlyLogNorm  -> 59820 rows | params[4] p_c~0.476 (33.7s)
[1012.9s] ln2  switchingFree      -> 59820 rows | params[6] p_c~0.094 (60.9s)
[1124.8s] mh   lognorm            -> 64920 rows | params[5] p_c~0.427 (112.0s)
[1161.6s] mh   fusionOnlyLogNorm  -> 64920 rows | params[4] p_c~0.730 (36.7s)
[1224.3s] mh   switchingFree      -> 64920 rows | params[6] p_c~0.613 (62.8s)
[1337.3s] ml   lognorm            -> 65220 rows | params[5] p_c~0.529 (112.9s)
[1374.3s] ml   fusionOnlyLogNorm  -> 65220 rows | params[4] p_c~0.713 (37.0s)
[1438.5s] ml   switchingFree      -> 65220 rows | params[6] p_c~0.270 (64.2s)
[1546.7s] mt   lognorm            -> 64680 rows | params[5] p_c~0.552 (108.1s)
[1582.7s] mt   fusionOnlyLogNorm  -> 64680 rows | params[4] p_c~0.509 (36.1s)
[1647.6s] mt   switchingFree      -> 64680 rows | params[6] p_c~0.173 (64.9s)
[1759.2s] oy   lognorm            -> 65130 rows | params[5] p_c~0.954 (111.7s)
[1796.3s] oy   fusionOnlyLogNorm  -> 65130 rows | params[4] p_c~0.409 (37.1s)
[1862.0s] oy   switchingFree      -> 65130 rows | params[6] p_c~0.072 (65.7s)
[1976.3s] qs   lognorm            -> 67170 rows | params[5] p_c~0.554 (114.3s)
[2014.3s] qs   fusionOnlyLogNorm  -> 67170 rows | params[4] p_c~0.619 (37.9s)
[2082.4s] qs   switchingFree      -> 67170 rows | params[6] p_c~0.195 (68.1s)
[2197.1s] sx   lognorm            -> 62130 rows | params[5] p_c~0.544 (114.7s)
[2233.7s] sx   fusionOnlyLogNorm  -> 62130 rows | params[4] p_c~1.692 (36.6s)
[2299.5s] sx   switchingFree      -> 62130 rows | params[6] p_c~0.610 (65.9s)
DONE in 2299.5s -> simulated_data_boxcar/
