\BOOKMARK [1][-]{section*.1}{\376\377\000I\000n\000t\000r\000o\000d\000u\000c\000t\000i\000o\000n}{}% 1
\BOOKMARK [1][-]{section*.2}{\376\377\000M\000e\000t\000h\000o\000d\000s}{}% 2
\BOOKMARK [2][-]{section*.3}{\376\377\000P\000a\000r\000t\000i\000c\000i\000p\000a\000n\000t\000s}{section*.2}% 3
\BOOKMARK [2][-]{section*.4}{\376\377\000A\000p\000p\000a\000r\000a\000t\000u\000s}{section*.2}% 4
\BOOKMARK [2][-]{section*.5}{\376\377\000S\000t\000i\000m\000u\000l\000i}{section*.2}% 5
\BOOKMARK [3][-]{section*.6}{\376\377\000V\000i\000s\000u\000a\000l\000\040\000s\000t\000i\000m\000u\000l\000i}{section*.5}% 6
\BOOKMARK [3][-]{section*.7}{\376\377\000A\000u\000d\000i\000t\000o\000r\000y\000\040\000s\000t\000i\000m\000u\000l\000i}{section*.5}% 7
\BOOKMARK [2][-]{section*.8}{\376\377\000P\000r\000o\000c\000e\000d\000u\000r\000e}{section*.2}% 8
\BOOKMARK [3][-]{section*.9}{\376\377\000U\000n\000i\000m\000o\000d\000a\000l\000\040\000b\000a\000s\000e\000l\000i\000n\000e\000s\000\040\000\050\000A\000u\000d\000i\000t\000o\000r\000y\000\040\000o\000n\000l\000y\000,\000\040\000V\000i\000s\000u\000a\000l\000\040\000O\000n\000l\000y\000\051}{section*.8}% 9
\BOOKMARK [3][-]{section*.10}{\376\377\000C\000r\000o\000s\000s\000-\000m\000o\000d\000a\000l\000\040\000d\000u\000r\000a\000t\000i\000o\000n\000\040\000c\000o\000m\000p\000a\000r\000i\000s\000o\000n}{section*.8}% 10
\BOOKMARK [3][-]{section*.11}{\376\377\000M\000a\000i\000n\000\040\000b\000i\000m\000o\000d\000a\000l\000\040\000a\000u\000d\000i\000o\000v\000i\000s\000u\000a\000l\000\040\000c\000o\000n\000f\000l\000i\000c\000t\000\040\000e\000x\000p\000e\000r\000i\000m\000e\000n\000t}{section*.8}% 11
\BOOKMARK [3][-]{section*.12}{\376\377\000S\000t\000a\000i\000r\000c\000a\000s\000e\000s}{section*.8}% 12
\BOOKMARK [1][-]{section*.13}{\376\377\000R\000e\000s\000u\000l\000t\000s}{}% 13
\BOOKMARK [2][-]{section*.14}{\376\377\000C\000u\000e\000\040\000r\000e\000l\000i\000a\000b\000i\000l\000i\000t\000y}{section*.13}% 14
\BOOKMARK [2][-]{section*.15}{\376\377\000M\000o\000d\000a\000l\000i\000t\000y\000-\000s\000p\000e\000c\000i\000f\000i\000c\000\040\000d\000u\000r\000a\000t\000i\000o\000n\000\040\000b\000i\000a\000s\000e\000s}{section*.13}% 15
\BOOKMARK [2][-]{section*.16}{\376\377\000M\000a\000i\000n\000\040\000e\000x\000p\000e\000r\000i\000m\000e\000n\000t\000:\000\040\000C\000u\000e\000-\000c\000o\000n\000f\000l\000i\000c\000t\000\040\000e\000f\000f\000e\000c\000t\000s}{section*.13}% 16
\BOOKMARK [1][-]{section*.17}{\376\377\000C\000o\000m\000p\000u\000t\000a\000t\000i\000o\000n\000a\000l\000\040\000m\000o\000d\000e\000l\000s}{}% 17
\BOOKMARK [2][-]{section*.18}{\376\377\000S\000e\000n\000s\000o\000r\000y\000\040\000e\000n\000c\000o\000d\000i\000n\000g}{section*.17}% 18
\BOOKMARK [2][-]{section*.19}{\376\377\000D\000e\000c\000o\000d\000i\000n\000g\000\040\000s\000t\000r\000a\000t\000e\000g\000y}{section*.17}% 19
\BOOKMARK [2][-]{section*.20}{\376\377\000F\000o\000r\000c\000e\000d\000\040\000f\000u\000s\000i\000o\000n\000\040\000\050\000O\000p\000t\000i\000m\000a\000l\000\040\000c\000u\000e\000\040\000i\000n\000t\000e\000g\000r\000a\000t\000i\000o\000n\000\051}{section*.17}% 20
\BOOKMARK [2][-]{section*.21}{\376\377\000C\000a\000u\000s\000a\000l\000-\000i\000n\000f\000e\000r\000e\000n\000c\000e\000\040\000m\000o\000d\000e\000l}{section*.17}% 21
\BOOKMARK [2][-]{section*.22}{\376\377\000P\000r\000o\000b\000a\000b\000i\000l\000i\000s\000t\000i\000c\000\040\000c\000u\000e\000\040\000s\000w\000i\000t\000c\000h\000i\000n\000g}{section*.17}% 22
\BOOKMARK [2][-]{section*.23}{\376\377\000M\000o\000d\000e\000l\000i\000n\000g\000\040\000r\000e\000s\000u\000l\000t\000s}{section*.17}% 23
\BOOKMARK [2][-]{section*.24}{\376\377\000M\000o\000d\000e\000l\000\040\000f\000i\000t\000t\000i\000n\000g\000\040\000a\000n\000d\000\040\000m\000o\000d\000e\000l\000\040\000c\000o\000m\000p\000a\000r\000i\000s\000o\000n}{section*.17}% 24
\BOOKMARK [3][-]{section*.25}{\376\377\000F\000i\000x\000e\000d\000\040\000s\000e\000n\000s\000o\000r\000y\000\040\000n\000o\000i\000s\000e}{section*.24}% 25
\BOOKMARK [3][-]{section*.26}{\376\377\000F\000r\000e\000e\000\040\000s\000e\000n\000s\000o\000r\000y\000\040\000n\000o\000i\000s\000e}{section*.24}% 26
\BOOKMARK [3][-]{section*.27}{\376\377\000G\000r\000o\000u\000p\000-\000l\000e\000v\000e\000l\000\040\000m\000o\000d\000e\000l\000\040\000c\000o\000m\000p\000a\000r\000i\000s\000o\000n\000\040\000a\000n\000d\000\040\000i\000t\000s\000\040\000r\000e\000l\000i\000a\000b\000i\000l\000i\000t\000y}{section*.24}% 27
\BOOKMARK [3][-]{section*.28}{\376\377\000S\000w\000i\000t\000c\000h\000i\000n\000g\000\040\000p\000r\000o\000b\000a\000b\000i\000l\000i\000t\000i\000e\000s\000\040\000i\000n\000c\000r\000e\000a\000s\000e\000\040\000w\000i\000t\000h\000\040\000a\000u\000d\000i\000t\000o\000r\000y\000\040\000n\000o\000i\000s\000e}{section*.24}% 28
\BOOKMARK [3][-]{section*.29}{\376\377\000H\000i\000g\000h\000\040\000s\000e\000n\000s\000o\000r\000y\000-\000e\000n\000c\000o\000d\000i\000n\000g\000\040\000n\000o\000i\000s\000e\000\040\000l\000i\000m\000i\000t\000s\000\040\000m\000o\000d\000e\000l\000\040\000d\000i\000s\000c\000r\000i\000m\000i\000n\000a\000b\000i\000l\000i\000t\000y}{section*.24}% 29
\BOOKMARK [1][-]{section*.30}{\376\377\000D\000i\000s\000c\000u\000s\000s\000i\000o\000n}{}% 30
\BOOKMARK [2][-]{section*.31}{\376\377\000C\000a\000u\000s\000a\000l\000\040\000i\000n\000f\000e\000r\000e\000n\000c\000e\000\040\000v\000e\000r\000s\000u\000s\000\040\000h\000e\000u\000r\000i\000s\000t\000i\000c\000\040\000s\000t\000r\000a\000t\000e\000g\000i\000e\000s}{section*.30}% 31
\BOOKMARK [2][-]{section*.32}{\376\377\000A\000s\000y\000m\000m\000e\000t\000r\000y\000\040\000b\000e\000t\000w\000e\000e\000n\000\040\000s\000h\000o\000r\000t\000e\000r\000\040\000a\000n\000d\000\040\000l\000o\000n\000g\000e\000r\000\040\000a\000u\000d\000i\000o\000v\000i\000s\000u\000a\000l\000\040\000b\000i\000a\000s}{section*.30}% 32
\BOOKMARK [1][-]{section*.33}{\376\377\000C\000o\000n\000c\000l\000u\000s\000i\000o\000n\000s}{}% 33
\BOOKMARK [1][-]{section*.34}{\376\377\000A\000c\000k\000n\000o\000w\000l\000e\000d\000g\000m\000e\000n\000t\000s}{}% 34
\BOOKMARK [1][-]{section*.35}{\376\377\000A\000p\000p\000e\000n\000d\000i\000x}{}% 35
\BOOKMARK [2][-]{section*.36}{\376\377\000M\000o\000d\000e\000l\000\040\000p\000a\000r\000a\000m\000e\000t\000e\000r\000s}{section*.35}% 36
\BOOKMARK [2][-]{section*.37}{\376\377\000T\000a\000s\000k\000\040\000f\000o\000r\000m\000u\000l\000a\000t\000i\000o\000n\000s}{section*.35}% 37
\BOOKMARK [3][-]{section*.38}{\376\377\000U\000n\000i\000m\000o\000d\000a\000l\000\040\000d\000u\000r\000a\000t\000i\000o\000n\000\040\000d\000i\000s\000c\000r\000i\000m\000i\000n\000a\000t\000i\000o\000n}{section*.37}% 38
\BOOKMARK [3][-]{section*.43}{\376\377\000C\000r\000o\000s\000s\000-\000m\000o\000d\000a\000l\000\040\000d\000u\000r\000a\000t\000i\000o\000n\000\040\000c\000o\000m\000p\000a\000r\000i\000s\000o\000n}{section*.37}% 39
\BOOKMARK [2][-]{section*.44}{\376\377\000M\000o\000d\000e\000l\000s\000\040\000o\000f\000\040\000a\000u\000d\000i\000o\000v\000i\000s\000u\000a\000l\000\040\000d\000u\000r\000a\000t\000i\000o\000n\000\040\000e\000s\000t\000i\000m\000a\000t\000i\000o\000n}{section*.35}% 40
\BOOKMARK [3][-]{section*.45}{\376\377\000F\000o\000r\000c\000e\000d\000\040\000f\000u\000s\000i\000o\000n}{section*.44}% 41
\BOOKMARK [3][-]{section*.46}{\376\377\000P\000r\000o\000b\000a\000b\000i\000l\000i\000s\000t\000i\000c\000\040\000c\000u\000e\000\040\000s\000w\000i\000t\000c\000h\000i\000n\000g}{section*.44}% 42
\BOOKMARK [3][-]{section*.47}{\376\377\000C\000o\000m\000p\000a\000r\000i\000s\000o\000n\000\040\000b\000e\000t\000w\000e\000e\000n\000\040\000s\000w\000i\000t\000c\000h\000i\000n\000g\000\040\000a\000n\000d\000\040\000i\000n\000t\000e\000g\000r\000a\000t\000i\000o\000n}{section*.44}% 43
\BOOKMARK [2][-]{section*.48}{\376\377\000B\000a\000y\000e\000s\000i\000a\000n\000\040\000c\000a\000u\000s\000a\000l\000-\000i\000n\000f\000e\000r\000e\000n\000c\000e\000\040\000m\000o\000d\000e\000l}{section*.35}% 44
\BOOKMARK [2][-]{section*.55}{\376\377\000M\000o\000d\000e\000l\000\040\000f\000i\000t\000s\000\040\000t\000o\000\040\000i\000n\000d\000i\000v\000i\000d\000u\000a\000l\000\040\000s\000u\000b\000j\000e\000c\000t\000s\000'\000\040\000d\000a\000t\000a}{section*.35}% 45
\BOOKMARK [2][-]{section*.56}{\376\377\000P\000o\000s\000t\000e\000r\000i\000o\000r\000s\000\040\000a\000n\000d\000\040\000l\000i\000k\000e\000l\000i\000h\000o\000o\000d\000s\000\040\000o\000f\000\040\000c\000o\000m\000m\000o\000n\000\040\000c\000a\000u\000s\000e\000s}{section*.35}% 46
\BOOKMARK [2][-]{section*.57}{\376\377\000U\000n\000i\000m\000o\000d\000a\000l\000-\000d\000e\000r\000i\000v\000e\000d\000\040\000p\000r\000e\000d\000i\000c\000t\000i\000o\000n\000s\000\040\000o\000f\000\040\000b\000i\000m\000o\000d\000a\000l\000\040\000u\000n\000c\000e\000r\000t\000a\000i\000n\000t\000y}{section*.35}% 47
\BOOKMARK [2][-]{section*.58}{\376\377\000M\000o\000d\000e\000l\000\040\000r\000e\000c\000o\000v\000e\000r\000y}{section*.35}% 48
\BOOKMARK [2][-]{section*.59}{\376\377\000P\000a\000r\000a\000m\000e\000t\000e\000r\000\040\000r\000e\000c\000o\000v\000e\000r\000y}{section*.35}% 49
\BOOKMARK [2][-]{section*.60}{\376\377\000E\000x\000t\000e\000n\000d\000e\000d\000\040\000s\000i\000m\000u\000l\000a\000t\000i\000o\000n\000s\000\040\000a\000c\000r\000o\000s\000s\000\040\000s\000e\000n\000s\000o\000r\000y\000-\000n\000o\000i\000s\000e\000\040\000a\000n\000d\000\040\000c\000o\000n\000f\000l\000i\000c\000t\000\040\000r\000e\000g\000i\000m\000e\000s}{section*.35}% 50
